// Jest Snapshot v1, https://goo.gl/fbAQLP

exports[`matches snapshot 1`] = `
<ForwardRef(WithStyles)
  columns={
    Array [
      Object {
        "field": "title",
      },
    ]
  }
  isLoading={false}
  localization={
    Object {
      "body": Object {
        "emptyDataSourceMessage": "No records to display",
      },
      "pagination": Object {
        "labelDisplayedRows": "{from}--{to}",
      },
    }
  }
  options={
    Object {
      "header": false,
      "pageSize": 5,
      "pageSizeOptions": Array [],
      "search": false,
      "showFirstLastPageButtons": false,
    }
  }
  title="Open pull requests from user/repo"
/>
`;
